// Jest Snapshot v1, https://goo.gl/fbAQLP

exports[`ButtonThisMonth render correctory 1`] = `
<button
  className="MuiButtonBase-root MuiButton-root makeStyles-buttonThisMonth-1 MuiButton-outlined MuiButton-outlinedPrimary"
  disabled={false}
  onBlur={[Function]}
  onClick={[Function]}
  onDragLeave={[Function]}
  onFocus={[Function]}
  onKeyDown={[Function]}
  onKeyUp={[Function]}
  onMouseDown={[Function]}
  onMouseLeave={[Function]}
  onMouseUp={[Function]}
  onTouchEnd={[Function]}
  onTouchMove={[Function]}
  onTouchStart={[Function]}
  tabIndex={0}
  type="button"
>
  <span
    className="MuiButton-label"
  >
    <p
      className="MuiTypography-root MuiTypography-body1"
    >
      今月
    </p>
  </span>
</button>
`;
